// Jest Snapshot v1, https://goo.gl/fbAQLP

exports[`Button component Matches the snapshot 1`] = `
<DocumentFragment>
  <button
    class="App-link"
  >
    The Button
  </button>
</DocumentFragment>
`;
