// Jest Snapshot v1, https://goo.gl/fbAQLP

exports[`Lifes component Matches the snapshot 1`] = `
<DocumentFragment>
  <span
    style="color: rgb(255, 101, 114);"
  >
    <i
      class="fas fa-heart"
      style="margin-left: 0.1em;"
    />
    <i
      class="fas fa-heart"
      style="margin-left: 0.1em;"
    />
    <i
      class="fas fa-heart"
      style="margin-left: 0.1em;"
    />
  </span>
</DocumentFragment>
`;
